EN lcd NULL C:/Users/seoye/Xilinx/final_project_5/lcd.vhd sub00/vhpl06 1622705060
AR lcd behavioral C:/Users/seoye/Xilinx/final_project_5/lcd.vhd sub00/vhpl07 1622705061
EN led NULL C:/Users/seoye/Xilinx/final_project_5/led.vhd sub00/vhpl04 1622705058
AR game_369 behavioral C:/Users/seoye/Xilinx/final_project_5/game_369.vhd sub00/vhpl01 1622705055
EN game_369 NULL C:/Users/seoye/Xilinx/final_project_5/game_369.vhd sub00/vhpl00 1622705054
AR timelimit_369 behavioral C:/Users/seoye/Xilinx/final_project_5/timelimit_369.vhd sub00/vhpl03 1622705057
EN timelimit_369 NULL C:/Users/seoye/Xilinx/final_project_5/timelimit_369.vhd sub00/vhpl02 1622705056
AR led behavioral C:/Users/seoye/Xilinx/final_project_5/led.vhd sub00/vhpl05 1622705059
EN totalgame NULL C:/Users/seoye/Xilinx/final_project_5/totalgame.vhd sub00/vhpl08 1622705062
AR totalgame behavioral C:/Users/seoye/Xilinx/final_project_5/totalgame.vhd sub00/vhpl09 1622705063
