V3 29
FL C:/Users/seoye/Xilinx/final_project/game_369.vhd 2021/05/25.15:18:38 P.20131013
FL C:/Users/seoye/Xilinx/final_project/lcd.vhd 2021/05/25.21:51:56 P.20131013
FL C:/Users/seoye/Xilinx/final_project/led.vhd 2021/05/25.21:30:05 P.20131013
FL C:/Users/seoye/Xilinx/final_project/timelimit_369.vhd 2021/05/25.21:37:42 P.20131013
FL C:/Users/seoye/Xilinx/final_project/totalgame.vhd 2021/05/25.21:56:46 P.20131013
FL C:/Users/seoye/Xilinx/final_project_4/game_369.vhd 2021/06/03.15:31:40 P.20131013
FL C:/Users/seoye/Xilinx/final_project_4/lcd.vhd 2021/06/03.15:31:07 P.20131013
FL C:/Users/seoye/Xilinx/final_project_4/led.vhd 2021/06/03.15:31:54 P.20131013
FL C:/Users/seoye/Xilinx/final_project_4/timelimit_369.vhd 2021/06/03.15:34:02 P.20131013
FL C:/Users/seoye/Xilinx/final_project_4/totalgame.vhd 2021/06/03.15:30:48 P.20131013
FL C:/Users/seoye/Xilinx/final_project_5/game_369.vhd 2021/06/03.15:31:40 P.20131013
EN work/game_369 1622705054 FL C:/Users/seoye/Xilinx/final_project_5/game_369.vhd \
      PB ieee/std_logic_1164 1381692176 PB ieee/std_logic_arith 1381692177 \
      PB ieee/STD_LOGIC_UNSIGNED 1381692179
AR work/game_369/Behavioral 1622705055 \
      FL C:/Users/seoye/Xilinx/final_project_5/game_369.vhd EN work/game_369 1622705054
FL C:/Users/seoye/Xilinx/final_project_5/lcd.vhd 2021/06/03.16:22:17 P.20131013
EN work/lcd 1622705060 FL C:/Users/seoye/Xilinx/final_project_5/lcd.vhd \
      PB ieee/std_logic_1164 1381692176 PB ieee/std_logic_arith 1381692177 \
      PB ieee/STD_LOGIC_UNSIGNED 1381692179 PB ieee/NUMERIC_STD 1381692181
AR work/lcd/Behavioral 1622705061 \
      FL C:/Users/seoye/Xilinx/final_project_5/lcd.vhd EN work/lcd 1622705060
FL C:/Users/seoye/Xilinx/final_project_5/led.vhd 2021/06/03.15:31:54 P.20131013
EN work/led 1622705058 FL C:/Users/seoye/Xilinx/final_project_5/led.vhd \
      PB ieee/std_logic_1164 1381692176 PB ieee/std_logic_arith 1381692177 \
      PB ieee/STD_LOGIC_UNSIGNED 1381692179 PB ieee/NUMERIC_STD 1381692181
AR work/led/Behavioral 1622705059 \
      FL C:/Users/seoye/Xilinx/final_project_5/led.vhd EN work/led 1622705058
FL C:/Users/seoye/Xilinx/final_project_5/timelimit_369.vhd 2021/06/03.16:19:40 P.20131013
EN work/timelimit_369 1622705056 \
      FL C:/Users/seoye/Xilinx/final_project_5/timelimit_369.vhd \
      PB ieee/std_logic_1164 1381692176 PB ieee/std_logic_arith 1381692177 \
      PB ieee/STD_LOGIC_UNSIGNED 1381692179
AR work/timelimit_369/Behavioral 1622705057 \
      FL C:/Users/seoye/Xilinx/final_project_5/timelimit_369.vhd \
      EN work/timelimit_369 1622705056
FL C:/Users/seoye/Xilinx/final_project_5/totalgame.vhd 2021/06/03.16:21:37 P.20131013
EN work/totalgame 1622705062 \
      FL C:/Users/seoye/Xilinx/final_project_5/totalgame.vhd \
      PB ieee/std_logic_1164 1381692176 PB ieee/std_logic_arith 1381692177 \
      PB ieee/STD_LOGIC_UNSIGNED 1381692179
AR work/totalgame/Behavioral 1622705063 \
      FL C:/Users/seoye/Xilinx/final_project_5/totalgame.vhd EN work/totalgame 1622705062 \
      CP game_369 CP timelimit_369 CP led CP lcd
